
> betaarena@0.1.0 build
> next build

   ▲ Next.js 15.5.6
   - Environments: .env.local

   Creating an optimized production build ...
 ✓ Compiled successfully in 5.0s
   Linting and checking validity of types ...

./components/teams-client.tsx
215:37  Warning: Using `<img>` could result in slower LCP and higher bandwidth. Consider using `<Image />` from `next/image` or a custom image loader to automatically optimize images. This may incur additional usage or cost from your provider. See: https://nextjs.org/docs/messages/no-img-element  @next/next/no-img-element

info  - Need to disable some ESLint rules? Learn more here: https://nextjs.org/docs/app/api-reference/config/eslint#disabling-rules
Failed to compile.

./components/bonus-multiplier-badge.tsx:40:13
Type error: Element implicitly has an 'any' type because expression of type 'string' can't be used to index type '{ gold: string; silver: string; bronze: string; standard: string; }'.
  No index signature with a parameter of type 'string' was found on type '{ gold: string; silver: string; bronze: string; standard: string; }'.

[0m [90m 38 |[39m [32m          inline-flex items-center justify-center[39m
 [90m 39 |[39m [32m          font-bold rounded-full shadow-lg[39m
[31m[1m>[22m[39m[90m 40 |[39m [32m          ${colorClasses[color]}[39m
 [90m    |[39m             [31m[1m^[22m[39m
 [90m 41 |[39m [32m          ${sizeClasses[size]}[39m
 [90m 42 |[39m [32m        `[39m}
 [90m 43 |[39m         title[33m=[39m{tierName}[0m
Next.js build worker exited with code: 1 and signal: null
